[www.nintendo.co.jp/n08/brij/index.html]
[backblue.gif]
[fade.gif]
[index.html]
[www.nintendo.co.jp/n08/brij/css/style.css]
[www.nintendo.co.jp/n08/brij/js/rollover.js]
[www.nintendo.co.jp/n08/brij/js/popup.js]
[www.nintendo.co.jp/n08/brij/diagnosis/index.html]
[www.nintendo.co.jp/n08/brij/img/btn_taioukisyu_ov.gif]
[www.nintendo.co.jp/n08/brij/img/btn_what_ov.gif]
[www.nintendo.co.jp/n08/brij/img2/topanime.gif]
[www.nintendo.co.jp/n08/brij/img/spacer.gif]
[www.nintendo.co.jp/n08/brij/img2/topics_top.gif]
[www.nintendo.co.jp/n08/brij/img2/topics_side.gif]
[www.nintendo.co.jp/n08/brij/img2/topics_icon.gif]
[www.nintendo.co.jp/n08/brij/topics/index.html]
[www.nintendo.co.jp/n08/brij/img2/topics_btm.gif]
[www.nintendo.co.jp/n08/brij/what/index.html]
[www.nintendo.co.jp/n08/brij/img/btn_what.gif]
[www.nintendo.co.jp/n08/brij/40kinds/index.html]
[www.nintendo.co.jp/n08/brij/img/btn_40kinds_ov.gif]
[www.nintendo.co.jp/n08/brij/img/btn_40kinds.gif]
[www.nintendo.co.jp/n08/brij/omake/index.html]
[www.nintendo.co.jp/n08/brij/img/btn_omake_ov.gif]
[www.nintendo.co.jp/n08/brij/img/btn_omake.gif]
[www.nintendo.co.jp/n08/brij/img/movie_btm.gif]
[www.nintendo.co.jp/n08/brij/img/gamen.gif]
[www.nintendo.co.jp/n08/brij/img/maru_c.gif]
[www.nintendo.co.jp/n08/brij/chara/index.html]
[www.nintendo.co.jp/n08/brij/index.html]
[www.nintendo.co.jp/n08/brij/css/style.css]
[www.nintendo.co.jp/n08/brij/js/rollover.js]
[www.nintendo.co.jp/n08/brij/taioukisyu/index.html]
[www.nintendo.co.jp/n08/brij/js/popup.js]
[www.nintendo.co.jp/n08/brij/diagnosis/img/mi_01.gif]
[www.nintendo.co.jp/n08/brij/diagnosis/img/waku_l.gif]
[www.nintendo.co.jp/n08/brij/diagnosis/img/yesno.gif]
[www.nintendo.co.jp/n08/brij/diagnosis/img/waku_r.gif]
[www.nintendo.co.jp/n08/brij/diagnosis/img/newwin_btm.gif]
[www.nintendo.co.jp/n08/brij/diagnosis/img/btn_close_ov.gif]
[www.nintendo.co.jp/n08/brij/diagnosis/img/btn_close.gif]
[www.nintendo.co.jp/n08/brij/diagnosis/index.html]
[www.nintendo.co.jp/n08/brij/taioukisyu/img/btn_close_ov.gif]
[www.nintendo.co.jp/n08/brij/topics/img/topics01.gif]
[www.nintendo.co.jp/n08/brij/topics/img/logo.gif]
[www.nintendo.co.jp/n08/brij/topics/img/bg.gif]
[www.nintendo.co.jp/n08/brij/topics/img/qrcode.jpg]
[www.nintendo.co.jp/n08/brij/topics/img/01_main.gif]
[www.nintendo.co.jp/n08/brij/topics/img/topics02.gif]
[www.nintendo.co.jp/n08/brij/topics/img/02_pack.jpg]
[www.nintendo.co.jp/n08/brij/topics/img/02_cdtitle.gif]
[www.nintendo.co.jp/n08/brij/topics/img/tensen.gif]
[www.nintendo.co.jp/n08/brij/topics/img/02_cdinfo.gif]
[www.nintendo.co.jp/n08/brij/topics/img/topics03.gif]
[www.nintendo.co.jp/n08/brij/topics/img/03_ss1.gif]
[www.nintendo.co.jp/n08/brij/topics/img/03_ss2.gif]
[www.nintendo.co.jp/n08/brij/topics/img/03_ss3.gif]
[www.nintendo.co.jp/n08/brij/topics/img/03_prize.gif]
[www.nintendo.co.jp/n08/brij/topics/img/03_kyoutai.jpg]
[www.nintendo.co.jp/n08/brij/topics/img/topics04.gif]
[www.nintendo.co.jp/n08/brij/topics/img/04_main.gif]
[www.nintendo.co.jp/n08/brij/topics/img/topics05.gif]
[www.nintendo.co.jp/n08/brij/topics/img/05_bg.jpg]
[www.nintendo.co.jp/n08/brij/topics/img/05_main.jpg]
[www.nintendo.co.jp/n08/brij/topics/img/waku_btm.gif]
[www.nintendo.co.jp/n08/brij/taioukisyu/img/btn_close.gif]
[www.nintendo.co.jp/n08/brij/topics/index.html]
[www.nintendo.co.jp/n08/brij/what/img/navi_top_ov.gif]
[www.nintendo.co.jp/n08/brij/what/img/spacer.gif]
[www.nintendo.co.jp/n08/brij/what/img/nin_logo.gif]
[www.nintendo.co.jp/n08/brij/what/img/logo_space.gif]
[www.nintendo.co.jp/n08/brij/what/img/gba_logo.gif]
[www.nintendo.co.jp/n08/brij/what/img/bg_l.gif]
[www.nintendo.co.jp/n08/brij/what/img/title_space.gif]
[www.nintendo.co.jp/n08/brij/what/img/title.gif]
[www.nintendo.co.jp/n08/brij/what/img/navi_top.gif]
[www.nintendo.co.jp/n08/brij/what/img/navi_space.gif]
[www.nintendo.co.jp/n08/brij/what/img/navi_40kinds_ov.gif]
[www.nintendo.co.jp/n08/brij/what/img/navi_40kinds.gif]
[www.nintendo.co.jp/n08/brij/what/img/navi_omake_ov.gif]
[www.nintendo.co.jp/n08/brij/what/img/navi_omake.gif]
[www.nintendo.co.jp/n08/brij/what/img/catch.gif]
[www.nintendo.co.jp/n08/brij/what/img/lead.gif]
[www.nintendo.co.jp/n08/brij/what/img/lead_space.gif]
[www.nintendo.co.jp/n08/brij/what/img/mi_01.gif]
[www.nintendo.co.jp/n08/brij/what/img/01_ss.gif]
[www.nintendo.co.jp/n08/brij/what/img/0102_space.gif]
[www.nintendo.co.jp/n08/brij/what/img/mi_02.gif]
[www.nintendo.co.jp/n08/brij/what/img/02_ss.gif]
[www.nintendo.co.jp/n08/brij/what/img/norinori.gif]
[www.nintendo.co.jp/n08/brij/what/img/bg_r.gif]
[www.nintendo.co.jp/n08/brij/what/img/bg_btm.gif]
[www.nintendo.co.jp/n08/brij/what/img/btn_top.gif]
[www.nintendo.co.jp/n08/brij/what/index.html]
[www.nintendo.co.jp/n08/brij/40kinds/img/navi_top_ov.gif]
[www.nintendo.co.jp/n08/brij/40kinds/img/navi_what_ov.gif]
[www.nintendo.co.jp/n08/brij/40kinds/img/btn_sta01_1_ov.gif]
[www.nintendo.co.jp/n08/brij/40kinds/img/btn_sta02_1_ov.gif]
[www.nintendo.co.jp/n08/brij/40kinds/img/btn_sta02_2_ov.gif]
[www.nintendo.co.jp/n08/brij/40kinds/img/btn_sta02_3_ov.gif]
[www.nintendo.co.jp/n08/brij/40kinds/img/btn_sta02_4_ov.gif]
[www.nintendo.co.jp/n08/brij/40kinds/img/btn_sta02_5_ov.gif]
[www.nintendo.co.jp/n08/brij/40kinds/img/spacer.gif]
[www.nintendo.co.jp/n08/brij/40kinds/img/nin_logo.gif]
[www.nintendo.co.jp/n08/brij/40kinds/img/logo_space.gif]
[www.nintendo.co.jp/n08/brij/40kinds/img/gba_logo.gif]
[www.nintendo.co.jp/n08/brij/40kinds/img/bg_l.gif]
[www.nintendo.co.jp/n08/brij/40kinds/img/title_space.gif]
[www.nintendo.co.jp/n08/brij/40kinds/img/title.gif]
[www.nintendo.co.jp/n08/brij/40kinds/img/navi_space.gif]
[www.nintendo.co.jp/n08/brij/40kinds/img/navi_what.gif]
[www.nintendo.co.jp/n08/brij/40kinds/img/navi_omake_ov.gif]
[www.nintendo.co.jp/n08/brij/40kinds/img/navi_omake.gif]
[www.nintendo.co.jp/n08/brij/40kinds/img/catch.gif]
[www.nintendo.co.jp/n08/brij/40kinds/img/lead.gif]
[www.nintendo.co.jp/n08/brij/40kinds/img/bg_r.gif]
[www.nintendo.co.jp/n08/brij/40kinds/img/sta01.gif]
[www.nintendo.co.jp/n08/brij/40kinds/img/sta01_1l.gif]
[www.nintendo.co.jp/n08/brij/40kinds/stage01_1.html]
[www.nintendo.co.jp/n08/brij/40kinds/img/btn_sta01_1.gif]
[www.nintendo.co.jp/n08/brij/40kinds/stage01_2.html]
[www.nintendo.co.jp/n08/brij/40kinds/img/btn_sta01_2_ov.gif]
[www.nintendo.co.jp/n08/brij/40kinds/img/btn_sta01_2.gif]
[www.nintendo.co.jp/n08/brij/40kinds/stage01_3.html]
[www.nintendo.co.jp/n08/brij/40kinds/img/btn_sta01_3_ov.gif]
[www.nintendo.co.jp/n08/brij/40kinds/img/btn_sta01_3.gif]
[www.nintendo.co.jp/n08/brij/40kinds/img/sta01_1r.gif]
[www.nintendo.co.jp/n08/brij/40kinds/img/sta01_f_btm1.gif]
[www.nintendo.co.jp/n08/brij/40kinds/img/sta01_2l.gif]
[www.nintendo.co.jp/n08/brij/40kinds/stage01_4.html]
[www.nintendo.co.jp/n08/brij/40kinds/img/btn_sta01_4_ov.gif]
[www.nintendo.co.jp/n08/brij/40kinds/img/btn_sta01_4.gif]
[www.nintendo.co.jp/n08/brij/40kinds/stage01_5.html]
[www.nintendo.co.jp/n08/brij/40kinds/img/btn_sta01_5_ov.gif]
[www.nintendo.co.jp/n08/brij/40kinds/img/btn_sta01_5.gif]
[www.nintendo.co.jp/n08/brij/40kinds/img/stage01_remix.gif]
[www.nintendo.co.jp/n08/brij/40kinds/img/sta01_f_btm2.gif]
[www.nintendo.co.jp/n08/brij/40kinds/img/remix_txt.gif]
[www.nintendo.co.jp/n08/brij/40kinds/img/sta01_02.gif]
[www.nintendo.co.jp/n08/brij/40kinds/img/sta02.gif]
[www.nintendo.co.jp/n08/brij/40kinds/img/btn_sta02_1.gif]
[www.nintendo.co.jp/n08/brij/40kinds/img/btn_sta02_2.gif]
[www.nintendo.co.jp/n08/brij/40kinds/img/btn_sta02_3.gif]
[www.nintendo.co.jp/n08/brij/40kinds/img/btn_sta02_4.gif]
[www.nintendo.co.jp/n08/brij/40kinds/img/btn_sta02_5.gif]
[www.nintendo.co.jp/n08/brij/40kinds/img/sta02_f_btm.gif]
[www.nintendo.co.jp/n08/brij/40kinds/img/sta03.gif]
[www.nintendo.co.jp/n08/brij/40kinds/img/btn_sta03_1.gif]
[www.nintendo.co.jp/n08/brij/40kinds/img/btn_sta03_1_ov.gif]
[www.nintendo.co.jp/n08/brij/40kinds/img/btn_sta03_2.gif]
[www.nintendo.co.jp/n08/brij/40kinds/img/btn_sta03_2_ov.gif]
[www.nintendo.co.jp/n08/brij/40kinds/img/btn_sta03_3.gif]
[www.nintendo.co.jp/n08/brij/40kinds/img/btn_sta03_3_ov.gif]
[www.nintendo.co.jp/n08/brij/40kinds/img/btn_sta03_4.gif]
[www.nintendo.co.jp/n08/brij/40kinds/img/btn_sta03_4_ov.gif]
[www.nintendo.co.jp/n08/brij/40kinds/img/btn_sta03_5.gif]
[www.nintendo.co.jp/n08/brij/40kinds/img/btn_sta03_5_ov.gif]
[www.nintendo.co.jp/n08/brij/40kinds/img/zokuzoku_txt.gif]
[www.nintendo.co.jp/n08/brij/40kinds/img/column_l.gif]
[www.nintendo.co.jp/n08/brij/40kinds/img/column01.gif]
[www.nintendo.co.jp/n08/brij/40kinds/img/col01_ss1.gif]
[www.nintendo.co.jp/n08/brij/40kinds/img/col01_btm.gif]
[www.nintendo.co.jp/n08/brij/40kinds/img/column_space.gif]
[www.nintendo.co.jp/n08/brij/40kinds/img/column02.gif]
[www.nintendo.co.jp/n08/brij/40kinds/img/column02_ss1.gif]
[www.nintendo.co.jp/n08/brij/40kinds/img/column02_ss2.gif]
[www.nintendo.co.jp/n08/brij/40kinds/img/col02_btm.gif]
[www.nintendo.co.jp/n08/brij/40kinds/img/column_r.gif]
[www.nintendo.co.jp/n08/brij/40kinds/img/waku_btm.gif]
[www.nintendo.co.jp/n08/brij/40kinds/img/bg_btm.gif]
[www.nintendo.co.jp/n08/brij/40kinds/index.html]
[www.nintendo.co.jp/n08/brij/omake/img/navi_top_ov.gif]
[www.nintendo.co.jp/n08/brij/omake/img/spacer.gif]
[www.nintendo.co.jp/n08/brij/omake/img/nin_logo.gif]
[www.nintendo.co.jp/n08/brij/omake/img/logo_space.gif]
[www.nintendo.co.jp/n08/brij/omake/img/gba_logo.gif]
[www.nintendo.co.jp/n08/brij/omake/img/bg_l.gif]
[www.nintendo.co.jp/n08/brij/omake/img/title_space.gif]
[www.nintendo.co.jp/n08/brij/omake/img/title.gif]
[www.nintendo.co.jp/n08/brij/omake/img/navi_space.gif]
[www.nintendo.co.jp/n08/brij/omake/img/navi_what_ov.gif]
[www.nintendo.co.jp/n08/brij/omake/img/navi_what.gif]
[www.nintendo.co.jp/n08/brij/omake/img/navi_40kinds_ov.gif]
[www.nintendo.co.jp/n08/brij/omake/img/navi_40kinds.gif]
[www.nintendo.co.jp/n08/brij/omake/img/catch.gif]
[www.nintendo.co.jp/n08/brij/omake/img/lead.gif]
[www.nintendo.co.jp/n08/brij/omake/img/01_l.gif]
[www.nintendo.co.jp/n08/brij/omake/img/waku01_top.gif]
[www.nintendo.co.jp/n08/brij/omake/img/mi_01.gif]
[www.nintendo.co.jp/n08/brij/omake/img/01_ill.gif]
[www.nintendo.co.jp/n08/brij/omake/img/ss01_1.gif]
[www.nintendo.co.jp/n08/brij/omake/img/ss01_2.gif]
[www.nintendo.co.jp/n08/brij/omake/img/ss01_3.gif]
[www.nintendo.co.jp/n08/brij/omake/img/waku01_btm.gif]
[www.nintendo.co.jp/n08/brij/omake/img/01_r.gif]
[www.nintendo.co.jp/n08/brij/omake/img/space01.gif]
[www.nintendo.co.jp/n08/brij/omake/img/02_l.gif]
[www.nintendo.co.jp/n08/brij/omake/img/waku02_top.gif]
[www.nintendo.co.jp/n08/brij/omake/img/mi_02.gif]
[www.nintendo.co.jp/n08/brij/omake/img/02_ill.gif]
[www.nintendo.co.jp/n08/brij/omake/img/ss02_1.gif]
[www.nintendo.co.jp/n08/brij/omake/img/ss02_2.gif]
[www.nintendo.co.jp/n08/brij/omake/img/mi_03.gif]
[www.nintendo.co.jp/n08/brij/omake/img/03_ill.gif]
[www.nintendo.co.jp/n08/brij/omake/img/ss03_1.gif]
[www.nintendo.co.jp/n08/brij/omake/img/ss03_2.gif]
[www.nintendo.co.jp/n08/brij/omake/img/mi_04.gif]
[www.nintendo.co.jp/n08/brij/omake/img/04_ill.gif]
[www.nintendo.co.jp/n08/brij/omake/img/ss04_1.gif]
[www.nintendo.co.jp/n08/brij/omake/img/ss04_2.gif]
[www.nintendo.co.jp/n08/brij/omake/img/mi_05.gif]
[www.nintendo.co.jp/n08/brij/omake/img/ss05_1.gif]
[www.nintendo.co.jp/n08/brij/omake/img/ss05_2.gif]
[www.nintendo.co.jp/n08/brij/omake/img/waku02_btm.gif]
[www.nintendo.co.jp/n08/brij/omake/img/02_r.gif]
[www.nintendo.co.jp/n08/brij/omake/img/space02.gif]
[www.nintendo.co.jp/n08/brij/omake/img/03_l.gif]
[www.nintendo.co.jp/n08/brij/omake/img/waku03_top.gif]
[www.nintendo.co.jp/n08/brij/omake/img/mi_06.gif]
[www.nintendo.co.jp/n08/brij/omake/img/ss06_1.gif]
[www.nintendo.co.jp/n08/brij/omake/img/ss06_2.gif]
[www.nintendo.co.jp/n08/brij/omake/img/mi_07.gif]
[www.nintendo.co.jp/n08/brij/omake/img/ss07_1.gif]
[www.nintendo.co.jp/n08/brij/omake/img/ss07_2.gif]
[www.nintendo.co.jp/n08/brij/omake/img/waku03_btm.gif]
[www.nintendo.co.jp/n08/brij/omake/img/03_r.gif]
[www.nintendo.co.jp/n08/brij/omake/img/space03.gif]
[www.nintendo.co.jp/n08/brij/omake/img/bg_r.gif]
[www.nintendo.co.jp/n08/brij/omake/img/bg_btm.gif]
[www.nintendo.co.jp/n08/brij/omake/index.html]
[www.nintendo.co.jp/n08/brij/chara/img/btn_stage01_ov.gif]
[www.nintendo.co.jp/n08/brij/chara/img/btn_stage02_ov.gif]
[www.nintendo.co.jp/n08/brij/chara/img/btn_stage03_ov.gif]
[www.nintendo.co.jp/n08/brij/chara/img/btn_stage04_ov.gif]
[www.nintendo.co.jp/n08/brij/chara/img/btn_stage05_ov.gif]
[www.nintendo.co.jp/n08/brij/chara/img/btn_stage06_ov.gif]
[www.nintendo.co.jp/n08/brij/chara/img/btn_omake_ov.gif]
[www.nintendo.co.jp/n08/brij/chara/img/btn_moromoro_ov.gif]
[www.nintendo.co.jp/n08/brij/taiken_movie/img/nin_logo.gif]
[www.nintendo.co.jp/n08/brij/taiken_movie/img/gba_logo.gif]
[www.nintendo.co.jp/n08/brij/chara/img/line.gif]
[www.nintendo.co.jp/n08/brij/chara/img/spacer.gif]
[www.nintendo.co.jp/n08/brij/chara/img/title.gif]
[www.nintendo.co.jp/n08/brij/chara/stage01.html]
[www.nintendo.co.jp/n08/brij/chara/img/btn_stage01.gif]
[www.nintendo.co.jp/n08/brij/chara/stage02.html]
[www.nintendo.co.jp/n08/brij/chara/img/btn_stage02.gif]
[www.nintendo.co.jp/n08/brij/chara/stage03.html]
[www.nintendo.co.jp/n08/brij/chara/img/btn_stage03.gif]
[www.nintendo.co.jp/n08/brij/chara/stage04.html]
[www.nintendo.co.jp/n08/brij/chara/img/btn_stage04.gif]
[www.nintendo.co.jp/n08/brij/chara/stage05.html]
[www.nintendo.co.jp/n08/brij/chara/img/btn_stage05.gif]
[www.nintendo.co.jp/n08/brij/chara/stage06.html]
[www.nintendo.co.jp/n08/brij/chara/img/btn_stage06.gif]
[www.nintendo.co.jp/n08/brij/chara/omake.html]
[www.nintendo.co.jp/n08/brij/chara/img/btn_omake.gif]
[www.nintendo.co.jp/n08/brij/chara/secret.html]
[www.nintendo.co.jp/n08/brij/chara/img/btn_moromoro.gif]
[www.nintendo.co.jp/n08/brij/chara/img/btn_top.gif]
[www.nintendo.co.jp/n08/brij/chara/index.html]
[www.nintendo.co.jp/n08/brij/taioukisyu/img/hard_01_ov.gif]
[www.nintendo.co.jp/n08/brij/taioukisyu/img/logo.gif]
[www.nintendo.co.jp/n08/brij/taioukisyu/img/title.gif]
[www.nintendo.co.jp/n08/brij/taioukisyu/img/drum_samurai.jpg]
[www.nintendo.co.jp/n08/brij/taioukisyu/img/bg.gif]
[www.nintendo.co.jp/n08/brij/taioukisyu/img/lead.gif]
[www.nintendo.co.jp/n08/brij/taioukisyu/img/hard_01.gif]
[www.nintendo.co.jp/n08/brij/taioukisyu/img/hard_02_ov.gif]
[www.nintendo.co.jp/n08/brij/taioukisyu/img/hard_02.gif]
[www.nintendo.co.jp/n08/brij/taioukisyu/img/hard_03_ov.gif]
[www.nintendo.co.jp/n08/brij/taioukisyu/img/hard_03.gif]
[www.nintendo.co.jp/n08/brij/taioukisyu/img/hard_04_ov.gif]
[www.nintendo.co.jp/n08/brij/taioukisyu/img/hard_04.gif]
[www.nintendo.co.jp/n08/brij/taioukisyu/img/hard_05_ov.gif]
[www.nintendo.co.jp/n08/brij/taioukisyu/img/hard_05.gif]
[www.nintendo.co.jp/n08/brij/taioukisyu/img/hard_06_ov.gif]
[www.nintendo.co.jp/n08/brij/taioukisyu/img/hard_06.gif]
[www.nintendo.co.jp/n08/brij/taioukisyu/img/waku_btm.gif]
[www.nintendo.co.jp/n08/brij/taioukisyu/index.html]
[www.nintendo.co.jp/n08/brij/kouryak/index.html]
[www.nintendo.co.jp/n08/brij/stage01_1.html]
[www.nintendo.co.jp/n08/brij/stage01_2.html]
[www.nintendo.co.jp/n08/brij/stage01_3.html]
[www.nintendo.co.jp/n08/brij/stage01_4.html]
[www.nintendo.co.jp/n08/brij/stage01_5.html]
[www.nintendo.co.jp/n08/brij/tm_01.html]
[www.nintendo.co.jp/n08/brij/tm_02.html]
[www.nintendo.co.jp/n08/brij/tm_03.html]
[www.nintendo.co.jp/n08/brij/tm_04.html]
[www.nintendo.co.jp/n08/brij/tm_05.html]
[www.nintendo.co.jp/n08/brij/tm_06.html]
[www.nintendo.co.jp/n08/brij/tm_07.html]
[www.nintendo.co.jp/n08/brij/40kinds/img/mi_01.gif]
[www.nintendo.co.jp/n08/brij/40kinds/img/01_setumei.gif]
[www.nintendo.co.jp/n08/brij/40kinds/base01.swf]
[www.nintendo.co.jp/n08/brij/40kinds/img/base.gif]
[www.nintendo.co.jp/n08/brij/40kinds/img/newwin_btm.gif]
[www.nintendo.co.jp/n08/brij/40kinds/img/btn_close_ov.gif]
[www.nintendo.co.jp/n08/brij/40kinds/img/btn_close.gif]
[www.nintendo.co.jp/n08/brij/40kinds/stage01_1.html]
[www.nintendo.co.jp/n08/brij/40kinds/img/mi_02.gif]
[www.nintendo.co.jp/n08/brij/40kinds/base02.swf]
[www.nintendo.co.jp/n08/brij/40kinds/img/02_setumei.gif]
[www.nintendo.co.jp/n08/brij/40kinds/stage01_2.html]
[www.nintendo.co.jp/n08/brij/40kinds/img/mi_03.gif]
[www.nintendo.co.jp/n08/brij/40kinds/img/03_setumei.gif]
[www.nintendo.co.jp/n08/brij/40kinds/base03.swf]
[www.nintendo.co.jp/n08/brij/40kinds/stage01_3.html]
[www.nintendo.co.jp/n08/brij/40kinds/img/mi_04.gif]
[www.nintendo.co.jp/n08/brij/40kinds/base04.swf]
[www.nintendo.co.jp/n08/brij/40kinds/img/04_setumei.gif]
[www.nintendo.co.jp/n08/brij/40kinds/stage01_4.html]
[www.nintendo.co.jp/n08/brij/40kinds/img/mi_05.gif]
[www.nintendo.co.jp/n08/brij/40kinds/img/05_setumei.gif]
[www.nintendo.co.jp/n08/brij/40kinds/base05.swf]
[www.nintendo.co.jp/n08/brij/40kinds/stage01_5.html]
[www.nintendo.co.jp/n08/brij/chara/stage01_img/title.gif]
[www.nintendo.co.jp/n08/brij/chara/stage01_img/chara01.gif]
[www.nintendo.co.jp/n08/brij/chara/stage01_img/mi_01.gif]
[www.nintendo.co.jp/n08/brij/chara/stage01_img/mi_02.gif]
[www.nintendo.co.jp/n08/brij/chara/stage01_img/chara02.gif]
[www.nintendo.co.jp/n08/brij/chara/stage01_img/chara03.gif]
[www.nintendo.co.jp/n08/brij/chara/stage01_img/mi_03.gif]
[www.nintendo.co.jp/n08/brij/chara/stage01_img/mi_04.gif]
[www.nintendo.co.jp/n08/brij/chara/stage01_img/chara04.gif]
[www.nintendo.co.jp/n08/brij/chara/stage01_img/chara05.gif]
[www.nintendo.co.jp/n08/brij/chara/stage01_img/mi_05.gif]
[www.nintendo.co.jp/n08/brij/chara/stage01.html]
[www.nintendo.co.jp/n08/brij/chara/stage02_img/title.gif]
[www.nintendo.co.jp/n08/brij/chara/stage02_img/chara01.gif]
[www.nintendo.co.jp/n08/brij/chara/stage02_img/mi_01.gif]
[www.nintendo.co.jp/n08/brij/chara/stage02_img/mi_02.gif]
[www.nintendo.co.jp/n08/brij/chara/stage02_img/chara02.gif]
[www.nintendo.co.jp/n08/brij/chara/stage02_img/chara03.gif]
[www.nintendo.co.jp/n08/brij/chara/stage02_img/mi_03.gif]
[www.nintendo.co.jp/n08/brij/chara/stage02_img/mi_04.gif]
[www.nintendo.co.jp/n08/brij/chara/stage02_img/chara04.gif]
[www.nintendo.co.jp/n08/brij/chara/stage02_img/chara05.gif]
[www.nintendo.co.jp/n08/brij/chara/stage02_img/mi_05.gif]
[www.nintendo.co.jp/n08/brij/chara/stage02_img/mi_06.gif]
[www.nintendo.co.jp/n08/brij/chara/stage02_img/chara06.gif]
[www.nintendo.co.jp/n08/brij/chara/stage02.html]
[www.nintendo.co.jp/n08/brij/chara/stage03_img/title.gif]
[www.nintendo.co.jp/n08/brij/chara/stage03_img/chara01.gif]
[www.nintendo.co.jp/n08/brij/chara/stage03_img/mi_01.gif]
[www.nintendo.co.jp/n08/brij/chara/stage03_img/mi_02.gif]
[www.nintendo.co.jp/n08/brij/chara/stage03_img/chara02.gif]
[www.nintendo.co.jp/n08/brij/chara/stage03_img/chara03.gif]
[www.nintendo.co.jp/n08/brij/chara/stage03_img/mi_03.gif]
[www.nintendo.co.jp/n08/brij/chara/stage03_img/mi_04.gif]
[www.nintendo.co.jp/n08/brij/chara/stage03_img/chara04.gif]
[www.nintendo.co.jp/n08/brij/chara/stage03_img/chara05.gif]
[www.nintendo.co.jp/n08/brij/chara/stage03_img/mi_05.gif]
[www.nintendo.co.jp/n08/brij/chara/stage03.html]
[www.nintendo.co.jp/n08/brij/chara/stage04_img/title.gif]
[www.nintendo.co.jp/n08/brij/chara/stage04_img/chara01.gif]
[www.nintendo.co.jp/n08/brij/chara/stage04_img/mi_01.gif]
[www.nintendo.co.jp/n08/brij/chara/stage04_img/mi_02.gif]
[www.nintendo.co.jp/n08/brij/chara/stage04_img/chara02.gif]
[www.nintendo.co.jp/n08/brij/chara/stage04_img/chara03.gif]
[www.nintendo.co.jp/n08/brij/chara/stage04_img/mi_03.gif]
[www.nintendo.co.jp/n08/brij/chara/stage04_img/mi_04.gif]
[www.nintendo.co.jp/n08/brij/chara/stage04_img/chara04.gif]
[www.nintendo.co.jp/n08/brij/chara/stage04_img/chara05.gif]
[www.nintendo.co.jp/n08/brij/chara/stage04_img/mi_05.gif]
[www.nintendo.co.jp/n08/brij/chara/stage04.html]
[www.nintendo.co.jp/n08/brij/chara/stage05_img/title.gif]
[www.nintendo.co.jp/n08/brij/chara/stage05_img/chara01.gif]
[www.nintendo.co.jp/n08/brij/chara/stage05_img/mi_01.gif]
[www.nintendo.co.jp/n08/brij/chara/stage05_img/mi_02.gif]
[www.nintendo.co.jp/n08/brij/chara/stage05_img/chara02.gif]
[www.nintendo.co.jp/n08/brij/chara/stage05_img/chara03.gif]
[www.nintendo.co.jp/n08/brij/chara/stage05_img/mi_03.gif]
[www.nintendo.co.jp/n08/brij/chara/stage05_img/mi_04.gif]
[www.nintendo.co.jp/n08/brij/chara/stage05_img/chara04.gif]
[www.nintendo.co.jp/n08/brij/chara/stage05_img/chara05.gif]
[www.nintendo.co.jp/n08/brij/chara/stage05_img/mi_05.gif]
[www.nintendo.co.jp/n08/brij/chara/stage05_img/mi_06.gif]
[www.nintendo.co.jp/n08/brij/chara/stage05_img/chara06.gif]
[www.nintendo.co.jp/n08/brij/chara/stage05.html]
[www.nintendo.co.jp/n08/brij/chara/stage06_img/title.gif]
[www.nintendo.co.jp/n08/brij/chara/stage06_img/chara01.gif]
[www.nintendo.co.jp/n08/brij/chara/stage06_img/mi_01.gif]
[www.nintendo.co.jp/n08/brij/chara/stage06_img/mi_02.gif]
[www.nintendo.co.jp/n08/brij/chara/stage06_img/chara02.gif]
[www.nintendo.co.jp/n08/brij/chara/stage06_img/chara03.gif]
[www.nintendo.co.jp/n08/brij/chara/stage06_img/mi_03.gif]
[www.nintendo.co.jp/n08/brij/chara/stage06_img/mi_04.gif]
[www.nintendo.co.jp/n08/brij/chara/stage06_img/chara04.gif]
[www.nintendo.co.jp/n08/brij/chara/stage06_img/chara05.gif]
[www.nintendo.co.jp/n08/brij/chara/stage06_img/mi_05.gif]
[www.nintendo.co.jp/n08/brij/chara/stage06.html]
[www.nintendo.co.jp/n08/brij/chara/omake_img/title.gif]
[www.nintendo.co.jp/n08/brij/chara/omake_img/chara01.gif]
[www.nintendo.co.jp/n08/brij/chara/omake_img/mi_01.gif]
[www.nintendo.co.jp/n08/brij/chara/omake_img/mi_02.gif]
[www.nintendo.co.jp/n08/brij/chara/omake_img/chara02.gif]
[www.nintendo.co.jp/n08/brij/chara/omake_img/chara03.gif]
[www.nintendo.co.jp/n08/brij/chara/omake_img/mi_03.gif]
[www.nintendo.co.jp/n08/brij/chara/omake_img/mi_04.gif]
[www.nintendo.co.jp/n08/brij/chara/omake_img/chara04.gif]
[www.nintendo.co.jp/n08/brij/chara/omake_img/chara05.gif]
[www.nintendo.co.jp/n08/brij/chara/omake_img/mi_05.gif]
[www.nintendo.co.jp/n08/brij/chara/omake_img/mi_06.gif]
[www.nintendo.co.jp/n08/brij/chara/omake_img/chara06.gif]
[www.nintendo.co.jp/n08/brij/chara/omake_img/chara07.gif]
[www.nintendo.co.jp/n08/brij/chara/omake_img/mi_07.gif]
[www.nintendo.co.jp/n08/brij/chara/omake_img/mi_08.gif]
[www.nintendo.co.jp/n08/brij/chara/omake_img/chara08.gif]
[www.nintendo.co.jp/n08/brij/chara/omake_img/chara09.gif]
[www.nintendo.co.jp/n08/brij/chara/omake_img/mi_09.gif]
[www.nintendo.co.jp/n08/brij/chara/omake_img/mi_10.gif]
[www.nintendo.co.jp/n08/brij/chara/omake_img/chara10.gif]
[www.nintendo.co.jp/n08/brij/chara/omake_img/chara11.gif]
[www.nintendo.co.jp/n08/brij/chara/omake_img/mi_11.gif]
[www.nintendo.co.jp/n08/brij/chara/omake_img/mi_12.gif]
[www.nintendo.co.jp/n08/brij/chara/omake_img/chara12.gif]
[www.nintendo.co.jp/n08/brij/chara/omake_img/chara13.gif]
[www.nintendo.co.jp/n08/brij/chara/omake_img/mi_13.gif]
[www.nintendo.co.jp/n08/brij/chara/omake_img/mi_14.gif]
[www.nintendo.co.jp/n08/brij/chara/omake_img/chara14.gif]
[www.nintendo.co.jp/n08/brij/chara/omake.html]
[www.nintendo.co.jp/n08/brij/chara/secret_img/title.gif]
[www.nintendo.co.jp/n08/brij/chara/secret_img/chara01.gif]
[www.nintendo.co.jp/n08/brij/chara/secret_img/mi_01.gif]
[www.nintendo.co.jp/n08/brij/chara/secret_img/mi_02.gif]
[www.nintendo.co.jp/n08/brij/chara/secret_img/chara02.gif]
[www.nintendo.co.jp/n08/brij/chara/secret_img/chara03.gif]
[www.nintendo.co.jp/n08/brij/chara/secret_img/mi_03.gif]
[www.nintendo.co.jp/n08/brij/chara/secret_img/mi_04.gif]
[www.nintendo.co.jp/n08/brij/chara/secret_img/chara04.gif]
[www.nintendo.co.jp/n08/brij/chara/secret_img/chara05.gif]
[www.nintendo.co.jp/n08/brij/chara/secret_img/mi_05.gif]
[www.nintendo.co.jp/n08/brij/chara/secret_img/mi_06.gif]
[www.nintendo.co.jp/n08/brij/chara/secret_img/chara06.gif]
[www.nintendo.co.jp/n08/brij/chara/secret_img/chara07.gif]
[www.nintendo.co.jp/n08/brij/chara/secret_img/mi_07.gif]
[www.nintendo.co.jp/n08/brij/chara/secret_img/mi_08.gif]
[www.nintendo.co.jp/n08/brij/chara/secret_img/chara08.gif]
[www.nintendo.co.jp/n08/brij/chara/secret_img/chara09.gif]
[www.nintendo.co.jp/n08/brij/chara/secret_img/mi_09.gif]
[www.nintendo.co.jp/n08/brij/chara/secret.html]
